******************************************************************************
               TMS320C6x Linker PC v6.1.15                     
******************************************************************************
>> Linked Mon Feb 18 15:22:20 2013

OUTPUT FILE NAME:   <Lab3.out>
ENTRY POINT SYMBOL: "_c_int00"  address: 00008960


MEMORY CONFIGURATION

         name            origin    length      used     unused   attr    fill
----------------------  --------  ---------  --------  --------  ----  --------
  IRAM                  00000000   00040000  00009d97  00036269  RWIX
  SDRAM                 80000000   00800000  00000000  00800000  RWIX


SECTION ALLOCATION MAP

 output                                  attributes/
section   page    origin      length       input sections
--------  ----  ----------  ----------   ----------------
.vers      0    00000000    00000040     COPY SECTION
                  00000000    00000040     dsp_bios_cfg.obj (.vers)

.prd       0    00000000    00000000     UNINITIALIZED

.hwi_vec   0    00000000    00000200     
                  00000000    00000200     dsp_bios_cfg.obj (.hwi_vec)

.data      0    00000000    00000000     UNINITIALIZED

.bios      0    00000200    000041c0     
                  00000200    00000600     lnkrtdx.a67 : rtdx.o67 (.bios)
                  00000800    000005e0     bios.a67 : gbl_setL2CacheMode.o67 (.bios)
                  00000de0    00000540              : swi.o67 (.bios)
                  00001320    00000460              : hwi_disp_asm.o67 (.bios)
                  00001780    000003a0              : prd.o67 (.bios)
                  00001b20    000002c0              : knl_run.o67 (.bios)
                  00001de0    000002c0              : rta.o67 (.bios)
                  000020a0    000002c0              : sem_pend.o67 (.bios)
                  00002360    00000260              : knl_tick.o67 (.bios)
                  000025c0    00000240              : pip.o67 (.bios)
                  00002800    00000220              : sem_dopo.o67 (.bios)
                  00002a20    00000200              : tsk_setu.o67 (.bios)
                  00002c20    000001c0              : knl_swit.o67 (.bios)
                  00002de0    000001c0     biosC6000.a67 : clk.o67 (.bios)
                  00002fa0    000001a0     bios.a67 : tsk_exit.o67 (.bios)
                  00003140    00000180              : autoinit.o67 (.bios)
                  000032c0    00000180              : tsk_stup.o67 (.bios)
                  00003440    00000140              : knl_chec.o67 (.bios)
                  00003580    000000e0              : gbl_cslcacheinit.o67 (.bios)
                  00003660    000000e0              : knl_exit.o67 (.bios)
                  00003740    000000e0              : sem_post.o67 (.bios)
                  00003820    000000e0              : sem_post_asm.o67 (.bios)
                  00003900    000000e0     biosC6000.a67 : clk_meas.o67 (.bios)
                  000039e0    000000c0     bios.a67 : knl_ipos.o67 (.bios)
                  00003aa0    000000c0              : knl_post.o67 (.bios)
                  00003b60    000000c0              : lck.o67 (.bios)
                  00003c20    000000c0              : sys_exit.o67 (.bios)
                  00003ce0    000000c0     biosC6000.a67 : clk_htime.o67 (.bios)
                  00003da0    00000080     bios.a67 : fxn.o67 (.bios)
                  00003e20    00000080              : idl_busy.o67 (.bios)
                  00003ea0    00000080              : log.o67 (.bios)
                  00003f20    00000080              : sts.o67 (.bios)
                  00003fa0    00000080     biosC6000.a67 : idl_cal.o67 (.bios)
                  00004020    00000060     bios.a67 : hwi_c.o67 (.bios)
                  00004080    00000060              : sem_pend_counting.o67 (.bios)
                  000040e0    00000060              : sys_abor.o67 (.bios)
                  00004140    00000060              : utl_putc.o67 (.bios)
                  000041a0    00000060     biosC6000.a67 : clk_start.o67 (.bios)
                  00004200    00000040     bios.a67 : idl_stub.o67 (.bios)
                  00004240    00000040              : rta_andn.o67 (.bios)
                  00004280    00000040              : utl_doab.o67 (.bios)
                  000042c0    00000040     biosC6000.a67 : clk_stop.o67 (.bios)
                  00004300    00000020     bios.a67 : fxn_c.o67 (.bios)
                  00004320    00000020              : gbl_vers.o67 (.bios)
                  00004340    00000020              : idl.o67 (.bios)
                  00004360    00000020              : sts_set.o67 (.bios)
                  00004380    00000020              : utl_doer.o67 (.bios)
                  000043a0    00000020              : utl_halt.o67 (.bios)

.text      0    000043c0    00001b20     
                  000043c0    00000480     dsk6713bslccsv4.lib : dsk6713.obj (.text)
                  00004840    000002e0                         : dsk6713_aic23_opencodec.obj (.text)
                  00004b20    00000240     rts6700.lib : memcpy62.obj (.text:_memcpy)
                  00004d60    00000220     intio.obj (.text)
                  00004f80    000001c0     csl6713.lib : csl_irq.obj (.text:_IRQ_map)
                  00005140    000001a0                 : csl_mcbsp.obj (.text:_MCBSP_reset)
                  000052e0    00000180     bios.a67 : gbl_cslpllinit62.o67 (.text)
                  00005460    00000180     dsk6713bslccsv4.lib : dsk6713_aic23_registers.obj (.text)
                  000055e0    00000140     rts6700.lib : strasg.obj (.text:__strasgi)
                  00005720    00000120                 : sinit.obj (.text:_call_dtors)
                  00005840    00000100     csl6713.lib : csl_mcbsp.obj (.text:_MCBSP_open)
                  00005940    00000100                 : csl_mcbsp.obj (.text:_MCBSP_start)
                  00005a40    00000100     rts6700.lib : atexit.obj (.text:_atexit)
                  00005b40    000000e0     dsk6713bslccsv4.lib : helper_functions_ISR.obj (.text)
                  00005c20    000000c0     bios.a67 : tsk_stup.o67 (.text)
                  00005ce0    000000a0     csl6713.lib : csl_irq.obj (.text:_setMux)
                  00005d80    00000040                 : csl_irq.obj (.text:_IRQ_enable)
                  00005dc0    00000040     rts6700.lib : sinit.obj (.text:___add_dtor)
                  00005e00    00000020     csl6713.lib : csl_irq.obj (.text:_IRQ_globalDisable)
                  00005e20    00000020                 : csl_irq.obj (.text:_IRQ_globalEnable)
                  00005e40    00000020                 : csl_irq.obj (.text:_IRQ_nmiEnable)
                  00005e60    00000020     rts6700.lib : _lock.obj (.text:__nop)
                  00005e80    00000020                 : _lock.obj (.text:__register_lock)
                  00005ea0    00000020                 : _lock.obj (.text:__register_unlock)
                  00005ec0    00000020     csl6713.lib : csl_irq.obj (.text)

.cinit     0    00005ee0    00000f94     
                  00005ee0    00000564     dsp_bios_cfg.obj (.cinit)
                  00006444    00000004     --HOLE-- [fill = 0]
                  00006448    0000026c     bios.a67 : biosdata.o67 (.cinit)
                  000066b4    00000004     --HOLE-- [fill = 0]
                  000066b8    000001a4              : knl.o67 (.cinit)
                  0000685c    00000004     --HOLE-- [fill = 0]
                  00006860    0000012c     csl6713.lib : csl_irq.obj (.cinit)
                  0000698c    00000004     --HOLE-- [fill = 0]
                  00006990    000000b0     bios.a67 : swi.o67 (.cinit)
                  00006a40    00000070              : tsk.o67 (.cinit)
                  00006ab0    00000060              : tsk_stup.o67 (.cinit)
                  00006b10    00000060     intio.obj (.cinit)
                  00006b70    0000005c     lnkrtdx.a67 : rtdx.o67 (.cinit)
                  00006bcc    00000004     --HOLE-- [fill = 0]
                  00006bd0    00000054     csl6713.lib : csl_mcbsp.obj (.cinit)
                  00006c24    00000004     --HOLE-- [fill = 0]
                  00006c28    0000004c     bios.a67 : rta.o67 (.cinit)
                  00006c74    00000004     --HOLE-- [fill = 0]
                  00006c78    0000004c     rtdx.lib : buffer1.o62 (.cinit)
                  00006cc4    00000004     --HOLE-- [fill = 0]
                  00006cc8    00000034     bios.a67 : hwi.o67 (.cinit)
                  00006cfc    00000004     --HOLE-- [fill = 0]
                  00006d00    00000030     dsk6713bslccsv4.lib : dsk6713_aic23_registers.obj (.cinit)
                  00006d30    0000002c     bios.a67 : utl_putc.o67 (.cinit)
                  00006d5c    00000004     --HOLE-- [fill = 0]
                  00006d60    0000002c     rts6700.lib : exit.obj (.cinit)
                  00006d8c    00000004     --HOLE-- [fill = 0]
                  00006d90    00000024     bios.a67 : obj_init.o67 (.cinit)
                  00006db4    00000004     --HOLE-- [fill = 0]
                  00006db8    0000001c              : sys.o67 (.cinit)
                  00006dd4    00000004     --HOLE-- [fill = 0]
                  00006dd8    0000001c     rts6700.lib : _lock.obj (.cinit)
                  00006df4    00000004     --HOLE-- [fill = 0]
                  00006df8    0000001c                 : atexit.obj (.cinit)
                  00006e14    00000004     --HOLE-- [fill = 0]
                  00006e18    00000018     bios.a67 : knl_tick.o67 (.cinit)
                  00006e30    0000000c              : gbl_setL2CacheMode.o67 (.cinit)
                  00006e3c    00000004     --HOLE-- [fill = 0]
                  00006e40    0000000c              : idl_busy.o67 (.cinit)
                  00006e4c    00000004     --HOLE-- [fill = 0]
                  00006e50    0000000c              : knl_swit.o67 (.cinit)
                  00006e5c    00000004     --HOLE-- [fill = 0]
                  00006e60    0000000c     rts6700.lib : sinit.obj (.cinit)
                  00006e6c    00000004     --HOLE-- [fill = 0]
                  00006e70    00000004     (.pad.cinit) [fill = 0]

.pinit     0    00006e74    0000000c     
                  00006e74    00000004     rtdx.lib : buffer1.o62 (.pinit)
                  00006e78    00000004              : rtdx_mon.o62 (.pinit)
                  00006e7c    00000004     --HOLE-- [fill = 0]

.rtdx_text 
*          0    00006e80    00000ea0     
                  00006e80    00000400     rtdx.lib : rtdx_mon.o62 (.rtdx_text:_RTDX_Poll)
                  00007280    00000340              : buffer1.o62 (.rtdx_text:_RTDX_Buffer_WriteCB)
                  000075c0    00000300              : buffer1.o62 (.rtdx_text:_RTDX_write_next)
                  000078c0    00000140              : rtdx_mon.o62 (.rtdx_text:_RTDX_Mon_Queue)
                  00007a00    000000e0              : buffer1.o62 (.rtdx_text:_claim)
                  00007ae0    00000080              : rtdx_mon.o62 (.rtdx_text:_RTDX_Init_RT_Monitor)
                  00007b60    00000060              : buffer1.o62 (.rtdx_text:_RTDX_Buffer_Initialize)
                  00007bc0    00000060              : buffer2.o62 (.rtdx_text:_RTDX_Buffer_ReadCB)
                  00007c20    00000040              : buffer1.o62 (.rtdx_text:_RTDX_Buffer_Size)
                  00007c60    00000040              : rtdx_mon.o62 (.rtdx_text:_RTDX_Final_RT_Monitor)
                  00007ca0    00000020              : buffer2.o62 (.rtdx_text:_RTDX_Buffer_Read)
                  00007cc0    00000020              : buffer1.o62 (.rtdx_text:_RTDX_Buffer_Write)
                  00007ce0    00000020              : rtdx_mon.o62 (.rtdx_text:_RTDX_checksum)
                  00007d00    00000020              : intr_tgt.o62 (.rtdx_text)

.far       0    00007d20    00000530     UNINITIALIZED
                  00007d20    00000188     rts6700.lib : atexit.obj (.far)
                  00007ea8    000000f4     csl6713.lib : csl_irq.obj (.far)
                  00007f9c    000000d8     bios.a67 : knl.o67 (.far)
                  00008074    0000005c              : tsk.o67 (.far)
                  000080d0    00000054              : obj_init.o67 (.far)
                  00008124    00000050              : tsk_stup.o67 (.far)
                  00008174    00000038     csl6713.lib : csl_mcbsp.obj (.far)
                  000081ac    00000028     dsk6713bslccsv4.lib : dsk6713_aic23_registers.obj (.far)
                  000081d4    00000028     intio.obj (.far)
                  000081fc    00000020     bios.a67 : sys.o67 (.far)
                  0000821c    00000010              : knl_tick.o67 (.far)
                  0000822c    0000000c              : utl_putc.o67 (.far)
                  00008238    0000000c     rts6700.lib : exit.obj (.far)
                  00008244    00000008                 : _lock.obj (.far)
                  0000824c    00000004                 : sinit.obj (.far)

.rtdx_data 
*          0    00008250    0000044c     UNINITIALIZED
                  00008250    00000410     dsp_bios_cfg.obj (.rtdx_data)
                  00008660    00000020     rtdx.lib : buffer1.o62 (.rtdx_data)
                  00008680    0000001c              : rtdx_mon.o62 (.rtdx_data)

.args      0    0000869c    00000004     
                  0000869c    00000004     --HOLE-- [fill = 0]

.sysinit   0    000086a0    00000420     
                  000086a0    000002c0     dsp_bios_cfg.obj (.sysinit)
                  00008960    000000c0     bios.a67 : boot.o67 (.sysinit)
                  00008a20    00000080              : tsk_init.o67 (.sysinit)
                  00008aa0    00000020              : obj_init.o67 (.sysinit)

.TSK_idle$stk 
*          0    00008ac0    00000400     UNINITIALIZED
                  00008ac0    00000400     dsp_bios_cfg.obj (.TSK_idle$stk)

.stack     0    00008ec0    00000400     UNINITIALIZED
                  00008ec0    00000400     --HOLE--

.bss       0    000092c0    0000034a     UNINITIALIZED
                  000092c0    00000100     bios.a67 : hwi_disp_asm.o67 (.bss)
                  000093c0    000000cc              : biosdata.o67 (.bss)
                  0000948c    0000009c              : swi.o67 (.bss)
                  00009528    00000048              : knl.o67 (.bss)
                  00009570    00000018              : hwi.o67 (.bss)
                  00009588    00000018     dsp_bios_cfg.obj (.bss)
                  000095a0    00000018     lnkrtdx.a67 : rtdx.o67 (.bss)
                  000095b8    00000010     intio.obj (.bss)
                  000095c8    00000010     rtdx.lib : buffer1.o62 (.bss)
                  000095d8    0000000c     bios.a67 : tsk.o67 (.bss)
                  000095e4    00000008              : clk_data.o67 (.bss)
                  000095ec    00000008              : sys.o67 (.bss)
                  000095f4    00000008     dsk6713bslccsv4.lib : dsk6713_aic23_opencodec.obj (.bss)
                  000095fc    00000004     bios.a67 : clk_data2.o67 (.bss)
                  00009600    00000004              : gbl_setL2CacheMode.o67 (.bss)
                  00009604    00000004              : idl_busy.o67 (.bss)
                  00009608    00000002     dsk6713bslccsv4.lib : dsk6713.obj (.bss)

.trace     0    0000960c    00000200     
                  0000960c    00000200     --HOLE-- [fill = 00000000]

.pip       0    0000980c    000000c8     UNINITIALIZED
                  0000980c    000000c8     dsp_bios_cfg.obj (.pip)

.swi       0    000098d4    0000002c     UNINITIALIZED
                  000098d4    0000002c     dsp_bios_cfg.obj (.swi)

.LOG_system$buf 
*          0    00009900    00000100     UNINITIALIZED
                  00009900    00000100     dsp_bios_cfg.obj (.LOG_system$buf)

.hst0      0    00009a00    00000100     UNINITIALIZED
                  00009a00    00000100     dsp_bios_cfg.obj (.hst0)

.const     0    00009b00    000000f9     
                  00009b00    0000004e     bios.a67 : tsk_stup.o67 (.const)
                  00009b4e    00000002     --HOLE-- [fill = 0]
                  00009b50    00000040     dsk6713bslccsv4.lib : dsk6713_aic23_opencodec.obj (.const)
                  00009b90    00000023     bios.a67 : utl_doab.o67 (.const)
                  00009bb3    00000022              : utl_doer.o67 (.const)
                  00009bd5    00000003     --HOLE-- [fill = 0]
                  00009bd8    00000020     dsk6713bslccsv4.lib : dsk6713.obj (.const)
                  00009bf8    00000001     bios.a67 : tsk.o67 (.const)

.printf    0    00009bf9    0000003f     COPY SECTION
                  00009bf9    0000003f     dsp_bios_cfg.obj (.printf)

.tsk       0    00009bfc    00000060     UNINITIALIZED
                  00009bfc    00000060     dsp_bios_cfg.obj (.tsk)

.gblinit   0    00009c5c    00000040     
                  00009c5c    00000040     dsp_bios_cfg.obj (.gblinit)

.hst       0    00009c9c    0000003c     UNINITIALIZED
                  00009c9c    0000003c     dsp_bios_cfg.obj (.hst)

.sts       0    00009cd8    00000030     
                  00009cd8    00000030     dsp_bios_cfg.obj (.sts)

.switch    0    00009d08    00000028     
                  00009d08    00000028     rtdx.lib : rtdx_mon.o62 (.switch)

.log       0    00009d30    00000018     
                  00009d30    00000018     dsp_bios_cfg.obj (.log)

.hst1      0    00009d48    00000010     UNINITIALIZED
                  00009d48    00000010     dsp_bios_cfg.obj (.hst1)

.idl       0    00009d58    00000010     UNINITIALIZED
                  00009d58    00000010     dsp_bios_cfg.obj (.idl)

.idlcal    0    00009d68    00000010     UNINITIALIZED
                  00009d68    00000010     dsp_bios_cfg.obj (.idlcal)

.sys       0    00009d78    00000010     UNINITIALIZED
                  00009d78    00000010     dsp_bios_cfg.obj (.sys)

.trcdata   0    00009d88    0000000c     
                  00009d88    0000000c     bios.a67 : trc.o67 (.trcdata)

.clk       0    00009d94    00000008     UNINITIALIZED
                  00009d94    00000008     dsp_bios_cfg.obj (.clk)


GLOBAL SYMBOLS: SORTED ALPHABETICALLY BY Name 

address    name
--------   ----
000092c0   $bss
000092c0   .bss
00000000   .data
000043c0   .text
00008844   BIOS$$CLKOFF
00008804   BIOS$$CLKON
000086a0   BIOS_init
000088ac   BIOS_start
00000000   BUF$
00000001   BUF_ENABLED
00000001   CLK$
00009d94   CLK_A_TABBEG
00000001   CLK_CALDIV
00000004   CLK_CALMULT
0000dbba   CLK_COUNTSPMS
00000000   CLK_COUNTSPMSHIGH
000093e8   CLK_D_idletime
000093e4   CLK_D_isrhook
000093e0   CLK_D_tabbeg
000093dc   CLK_D_timefxn
00003ce0   CLK_F_getfhtime
00003d00   CLK_F_gethtime
00002de0   CLK_F_getltime
00003d00   CLK_F_getshtime
00002df4   CLK_F_isr
00002f54   CLK_F_itime
00001320   CLK_HOOKFXN
00000001   CLK_HTIMEDIV
00000004   CLK_HTIMEMULT
0000dbba   CLK_HTIMEPERLTIME
00004000   CLK_INTBIT
00000001   CLK_LTIMEDIV
00036ee8   CLK_LTIMEMULT
000003e8   CLK_MICROSECS
0000dbba   CLK_PRD
00000000   CLK_PRDHIGH
01940000   CLK_REGS
000093d8   CLK_R_time
00000020   CLK_TCR
00000000   CLK_TDDR
00000000   CLK_TDDRHIGH
00003d00   CLK_TIMEFXN
00000000   CLK_TIMERNUM
00000001   CLK_USETIMER
00009d98   CLK_null
00000000   DEV$
00000000   DGN$
00000000   DHL$
00000000   DHL_gChannelsAvailable
00000000   DIO$
00000000   DIO_NUMSWIBASE
00000000   DIO_NUMTSKBASE
00000000   DIO_STATIC
00000000   DPI$
00003da0   FXN_F_nop
00003da8   FXN_F_run
00003df8   FXN_F_zero
00000001   GBL$
00005205   GBL_A_VERSION
00000000   GBL_BIGENDIAN
00000000   GBL_C641XL2PRIORITY
00000000   GBL_CACHE
00000001   GBL_CALLCSLCFGINIT
00004e20   GBL_CLKIN
00001770   GBL_CLKTYPE
00001a39   GBL_DSPSUBTYPE
0000003e   GBL_DSPTYPE
00000001   GBL_ENABLEINST
00000042   GBL_FOOTPRINT
00036ee8   GBL_FREQ
00002226   GBL_L2ALLOC
00000000   GBL_L2CONFIGALLOC
00000001   GBL_L2CONFIGURE
00000001   GBL_L2MARMASK
00000000   GBL_L2MARMASK1
00000000   GBL_L2MARMASK2
00000000   GBL_L2MARMASK3
00000000   GBL_L2MARMASK4
00000000   GBL_L2MARMASK5
00000000   GBL_L2MODE
00000000   GBL_L2PRIORITY
00000000   GBL_NULL
00000000   GBL_PROCID
00000000   GBL_ROM
00000000   GBL_SUPPORTCSL
0000dbef   GBL_TRCMASKVALUE
00000001   GBL_USERINIT
00005308   GBL_USERINITFXN
00000001   GBL_boot
00009d90   GBL_initdone
00008ec0   GBL_stackbeg
000092bf   GBL_stackend
00000000   GIO$
00004300   GIO_CREATEFXN
00004300   GIO_DELETEFXN
00004300   GIO_PENDFXN
00004300   GIO_POSTFXN
00000000   HOOK$
00000000   HOOK_KNLID
00000001   HST$
00009c9c   HST_A_TABBEG
00009cd8   HST_A_TABEND
00000000   HST_DSM
ffffffff   HST_DSMBUFSEG
00000400   HST_DSMMEMSIZE
00009454   HST_D_chanmask
00009458   HST_D_tabbeg
0000945c   HST_D_tabend
000000ff   HST_MAXFRAMEALLOWED
00000040   HST_MAXFRAMESET
00000000   HST_NONE
00000001   HST_RTDX
00000001   HWI$
00000000   HWI_A_VECS
00004018   HWI_CFGDISPATCHED
00009580   HWI_D_bss
00009584   HWI_D_ccmask
00009570   HWI_D_spsave
00001320   HWI_F_dispatch
00000000   HWI_GENERATE_RESET_VEC
0000000a   HWI_INT10
00000000   HWI_INT10$hwi
0000000b   HWI_INT11
00000000   HWI_INT11$hwi
0000000c   HWI_INT12
00000000   HWI_INT12$hwi
0000000d   HWI_INT13
00000000   HWI_INT13$hwi
0000000e   HWI_INT14
00000000   HWI_INT14$hwi
0000000f   HWI_INT15
00000000   HWI_INT15$hwi
00000004   HWI_INT4
00000000   HWI_INT4$hwi
00000005   HWI_INT5
00000000   HWI_INT5$hwi
00000006   HWI_INT6
00000000   HWI_INT6$hwi
00000007   HWI_INT7
00000000   HWI_INT7$hwi
00000008   HWI_INT8
00000000   HWI_INT8$hwi
00000009   HWI_INT9
00000000   HWI_INT9$hwi
082039a3   HWI_INTRMULTHIGH
310718ae   HWI_INTRMULTLOW
00000001   HWI_NMI
00000000   HWI_NMI$hwi
00000000   HWI_POLARITYMASK
00000002   HWI_RESERVED0
00000000   HWI_RESERVED0$hwi
00000003   HWI_RESERVED1
00000000   HWI_RESERVED1$hwi
00000000   HWI_RESET
00000000   HWI_RESET$hwi
00000001   HWI_ZEROTAB
00000001   IDL$
00009d68   IDL_A_CALBEG
00009d58   IDL_A_TABBEG
00000006   IDL_CALIBRERROR
00004200   IDL_CALIBRFXN
00009604   IDL_D_busyObj
000093c8   IDL_D_calbeg
000093c4   IDL_D_calibrate
000093c0   IDL_D_tabbeg
00009d64   IDL_END
00009d74   IDL_END$
00003e20   IDL_F_busy
00003fa0   IDL_F_calibrate
00004340   IDL_F_loop
00004200   IDL_F_stub
00000001   IDL_USECLKIDLTIME
00009cfc   IDL_busyObj
00009c33   IDL_busyObj$avgfmt
00000001   IDL_busyObj$filter
00000001   IDL_busyObj$iA
00000000   IDL_busyObj$iB
00000001   IDL_busyObj$iC
00009c2d   IDL_busyObj$maxfmt
00000000   IDL_busyObj$operation
00009cf8   IDL_busyObj$stsobj
00009c30   IDL_busyObj$sumfmt
00000002   IDL_busyObj$unittype
00009d58   IDL_cpuLoad
00009d68   IDL_cpuLoad$
ffffffff   IRAM
00000001   ISRC$
00002da0   KNL_glue
000098d4   KNL_swi
00000001   KNL_swi$dorta
00000000   KNL_swi$ord
00000000   KNL_swi$pri
00009cdc   KNL_swi$sts
00009c09   KNL_swi$sts$avgfmt
00000002   KNL_swi$sts$filter
00000001   KNL_swi$sts$filtmaxmult
00000001   KNL_swi$sts$filtsummult
00009bf9   KNL_swi$sts$maxfmt
00009cd8   KNL_swi$sts$stsobj
00009c01   KNL_swi$sts$sumfmt
00000000   KNL_swi$sts$unittype
00000000   KNL_swi$swi
00000001   LCK$
00000200   LNK_F_checkBufferCall
00000280   LNK_F_dataPump
00000220   LNK_F_getChanPtr
00000278   LNK_F_init
000007c4   LNK_F_readCallBack
00009d5c   LNK_dataPump
00009d6c   LNK_dataPump$
000095a4   LNK_dspFrameReadyMask
000095a0   LNK_dspFrameRequestMask
00000520   LNK_newin
00000660   LNK_newout
00000294   LNK_rcloop
00000360   LNK_rdrtry
000095ac   LNK_readDone
000095b0   LNK_readFail
000095a8   LNK_readPend
00000370   LNK_rrloop
000095b4   LNK_writeFail
00000444   LNK_wrloop
00000434   LNK_wrrtry
00000001   LOG$
00009d30   LOG_A_TABBEG
00009d48   LOG_A_TABEND
00000001   LOG_A_TABLEN
000093cc   LOG_D_system
00000001   LOG_ENABLED
00003ea0   LOG_F_event
00009d30   LOG_system
00009900   LOG_system$buf
00000000   LOG_system$datatype
00000000   LOG_system$log
00000040   LOG_system$size
00000000   MBX$
00000001   MEM$
00000000   MEM_MALLOCSEG
00000000   MEM_NULL
00000000   MEM_SEGZERO
00000000   MEM_USEMPC
00000000   MEM_gNumHeap
00000000   MSGQ$
00000000   MSGQ_USEMSGQ
00000000   OBJ$
00000000   PIP$
0000980c   PIP_A_TABBEG
000098d4   PIP_A_TABEND
00000002   PIP_A_TABLEN
000093d0   PIP_D_tabbeg
000093d4   PIP_D_tablen
00002654   PIP_F_give
00002654   PIP_F_probe
00002728   PIP_F_start
000025c0   PIP_F_take
00000064   PIP_OBJSIZE
00000000   PIP_gNextId
00000002   PIP_gNumEmbed
00000000   POOL$
00000000   POOL_USEPOOL
00000001   PRD$
00000000   PRD_A_TABBEG
00000000   PRD_A_TABEND
00000000   PRD_A_TABLEN
00009410   PRD_D_cur
00009414   PRD_D_elapsed
00009418   PRD_D_prevtim
0000941c   PRD_D_scalar
00009420   PRD_D_swihandle
00009424   PRD_D_tabbeg
00009428   PRD_D_tablen
0000942c   PRD_D_thook
0000940c   PRD_D_tick
00001780   PRD_F_swi
00001a40   PRD_F_tick
00004000   PRD_SCALAR
00000000   PRD_SWIHANDLE
000025a0   PRD_THOOKFXN
00009d94   PRD_clock
00000001   QUE$
00009430   RTA_D_fromHost
00009438   RTA_D_logval
00009448   RTA_D_stsval
00009434   RTA_D_toHost
00004240   RTA_F_andn
00001ed8   RTA_F_dispatch
00001de0   RTA_F_getlog
00001e24   RTA_F_getsts
00004260   RTA_F_or
00001e6c   RTA_F_readblk
00001e98   RTA_F_resetmem
00001e8c   RTA_F_writeword
00009d60   RTA_dispatcher
00009d70   RTA_dispatcher$
00001f28   RTA_execute
00009ca0   RTA_fromHost
00009d48   RTA_fromHost$buf
00000004   RTA_fromHost$framesize
00000000   RTA_fromHost$hst
00000001   RTA_fromHost$id
00000000   RTA_fromHost$mode
0000980c   RTA_fromHost$pipe
0000983c   RTA_fromHost$pipe$aaa
0000986c   RTA_fromHost$pipe$bbb
00009588   RTA_fromHost$pipe$dtab
00009810   RTA_fromHost$pipe$rd
00009840   RTA_fromHost$pipe$wr
00009ca8   RTA_fromHost$rtdx
00009cbc   RTA_toHost
00009a00   RTA_toHost$buf
00000040   RTA_toHost$framesize
00000000   RTA_toHost$hst
00000000   RTA_toHost$id
00000001   RTA_toHost$mode
00009870   RTA_toHost$pipe
000098a0   RTA_toHost$pipe$aaa
000098d0   RTA_toHost$pipe$bbb
00009594   RTA_toHost$pipe$dtab
00009874   RTA_toHost$pipe$rd
000098a4   RTA_toHost$pipe$wr
00009cc4   RTA_toHost$rtdx
00000001   RTDX$
00000408   RTDX_BUFMEMSIZE
ffffffff   RTDX_DATAMEMSEG
00000000   RTDX_MODE
00000001   RTDX_NORMALIZED_HDR
00000001   RTDX_USERTDX
00000000   RTDX_USERTEXECUTION
ffffffff   SDRAM
00000000   SEM$
00000000   SIO$
00000001   STS$
00009cd8   STS_A_TABBEG
00009d08   STS_A_TABEND
00003f58   STS_F_add
00003f20   STS_F_delta
00003f84   STS_F_reset
00000001   SWI$
000098d4   SWI_A_TABBEG
00009900   SWI_A_TABEND
00000001   SWI_A_TABLEN
000094a4   SWI_D_curfxn
00009494   SWI_D_curmask
000094a0   SWI_D_curmbox
00009498   SWI_D_curset
00009490   SWI_D_execaddr
000094ac   SWI_D_inswi
0000949c   SWI_D_lock
000094a8   SWI_D_rdybeg
000094b0   SWI_D_rdytab
0000948c   SWI_D_runaddr
00000000   SWI_EHOOKFXN
00000ffc   SWI_EXECFXN
00000de0   SWI_F_enable
00000ffc   SWI_F_exec
00001028   SWI_F_iexec
00000e50   SWI_F_post
000010b8   SWI_F_run
00000000   SWI_IHOOKFXN
000010b8   SWI_RUNFXN
00000001   SYS$
00009d78   SYS$config
00004280   SYS_ABORTFXN
00004380   SYS_ERRORFXN
000043a0   SYS_EXITFXN
00004140   SYS_PUTCFXN
00009d8c   TRC_R_mask
00009d88   TRC_cinit
00000001   TSK$
00000000   TSK_NUM_HOOKS
00000001   TSK_PRIORITY
00000000   TSK_READYFXN
00000000   TSK_STACKSEG
00000400   TSK_STACKSIZE
00000000   TSK_SWITCHFXN
00004300   TSK_VCREATEFXN
00004300   TSK_VDELETEFXN
00004300   TSK_VEXITFXN
00009c08   TSK_idle
00000000   TSK_idle$ord
00000000   TSK_idle$pri
00008ac0   TSK_idle$stack
00008e58   TSK_idle$stkptr
00009cec   TSK_idle$sts
00009c23   TSK_idle$sts$avgfmt
00000002   TSK_idle$sts$filter
00000001   TSK_idle$sts$filtmaxmult
00000001   TSK_idle$sts$filtsummult
00009c13   TSK_idle$sts$maxfmt
00009ce8   TSK_idle$sts$stsobj
00009c1b   TSK_idle$sts$sumfmt
00000000   TSK_idle$sts$unittype
00000000   TSK_idle$tsk
00000000   UDEV$
000086a0   _BIOS_init
000088ac   _BIOS_start
0000dbba   _CLK_COUNTSPMS
000095e4   _CLK_DFLTMICROSECS
00009408   _CLK_D_countspms
000093fc   _CLK_D_dirty
000095e8   _CLK_D_microseconds
00009400   _CLK_D_prd
00009404   _CLK_D_tddr
00002f54   _CLK_F_itime
0000dbba   _CLK_PRD
01940000   _CLK_REGS
00000000   _CLK_TDDR
00000000   _CLK_TIMERNUM
00000001   _CLK_USETIMER
000093ec   _CLK_htimeDiv
000093f0   _CLK_htimeMult
000095fc   _CLK_htimePerLtime
00002f54   _CLK_itime
000093f4   _CLK_ltimeDiv
000093f8   _CLK_ltimeMult
00003900   _CLK_measure
000041a0   _CLK_start
000042c0   _CLK_stop
000081d4   _Config
000095f4   _DSK6713_AIC23_codeccontrolhandle
000095f8   _DSK6713_AIC23_codecdatahandle
0000554c   _DSK6713_AIC23_config
00004840   _DSK6713_AIC23_openCodec
00005528   _DSK6713_AIC23_rget
00005460   _DSK6713_AIC23_rset
00004540   _DSK6713_getVersion
00004590   _DSK6713_init
000044ac   _DSK6713_rget
00004498   _DSK6713_rset
00009608   _DSK6713_version
000043c0   _DSK6713_wait
00004464   _DSK6713_waitusec
00004300   _FXN_F_nop
00003da8   _FXN_F_run
00003df8   _FXN_F_zero
00000000   _GBL_CACHE
00009464   _GBL_clkIn
00003580   _GBL_cslCacheInit
00009468   _GBL_freq
00004320   _GBL_getVersion
00009460   _GBL_procId
00005308   _GBL_setPLLto225MHz
00009c9c   _HST_A_TABBEG
00009cd8   _HST_A_TABEND
00004018   _HWI_CFGDISPATCHED
0000957c   _HWI_D_inhwi
00009570   _HWI_D_spsave
00001320   _HWI_F_dispatch
0000000a   _HWI_INT10
0000000b   _HWI_INT11
0000000c   _HWI_INT12
0000000d   _HWI_INT13
0000000e   _HWI_INT14
0000000f   _HWI_INT15
00000004   _HWI_INT4
00000005   _HWI_INT5
00000006   _HWI_INT6
00000007   _HWI_INT7
00000008   _HWI_INT8
00000009   _HWI_INT9
00000001   _HWI_NMI
00000002   _HWI_RESERVED0
00000003   _HWI_RESERVED1
00000000   _HWI_RESET
000092b8   _HWI_STKBOTTOM
00008ec0   _HWI_STKTOP
00009570   _HWI_data
00004020   _HWI_disable
000092c0   _HWI_dispatchTab
00004038   _HWI_enable
0000404c   _HWI_restore
000095c4   _H_Codec
00009cfc   _IDL_busyObj
00009d58   _IDL_cpuLoad
00004340   _IDL_loop
ffffffff   _IRAM
00005d80   _IRQ_enable
00005e00   _IRQ_globalDisable
00005e20   _IRQ_globalEnable
00004f80   _IRQ_map
00005e40   _IRQ_nmiEnable
00004ee8   _ISR_AIC
00009530   _KNL_alarm
00003440   _KNL_check
00009554   _KNL_curqueue
00009544   _KNL_curtask
0000954c   _KNL_curtime
0000803c   _KNL_dummy
000036b4   _KNL_enter
00003660   _KNL_exit
00003518   _KNL_idle
0000956c   _KNL_idlefxn
00009538   _KNL_inactive
000039e0   _KNL_ipost
0000353c   _KNL_max
00009558   _KNL_maxqueue
00003aa0   _KNL_post
00009548   _KNL_prevtask
0000953c   _KNL_priority
00007f9c   _KNL_queues
00001b20   _KNL_run
00002c20   _KNL_saveIsrFrame
00009540   _KNL_set
00009534   _KNL_setpri
000098d4   _KNL_swi
00009550   _KNL_swiptr
00002cec   _KNL_switch
00009560   _KNL_tcreatefxn
00009564   _KNL_tdeletefxn
000025a0   _KNL_tick
00009568   _KNL_treadyfxn
0000955c   _KNL_tswitchfxn
00009528   _KNL_wFlag
0000952c   _KNL_wList
00003b90   _LCK_pend
00003b60   _LCK_post
00009d5c   _LNK_dataPump
000095a4   _LNK_dspFrameReadyMask
000095a0   _LNK_dspFrameRequestMask
000095ac   _LNK_readDone
000095b0   _LNK_readFail
000095a8   _LNK_readPend
000095b4   _LNK_writeFail
00009d30   _LOG_A_TABBEG
00009d48   _LOG_A_TABEND
00000001   _LOG_A_TABLEN
000093cc   _LOG_D_system
00003ea0   _LOG_event
00009d30   _LOG_system
00005840   _MCBSP_open
00005140   _MCBSP_reset
00005940   _MCBSP_start
0000946c   _MEM_D_NUMSEGMENTS
00009474   _MEM_D_freelist
00009478   _MEM_D_lockaddr
00009470   _MEM_D_memtab
0000947c   _MEM_D_unlockaddr
00000000   _MEM_memtab
00008aa0   _OBJ_init
00008108   _OBJ_segtab
000080d0   _OBJ_table
0000980c   _PIP_A_TABBEG
000098d4   _PIP_A_TABEND
0000940c   _PRD_D_tick
00009d94   _PRD_clock
00009d60   _RTA_dispatcher
00009ca0   _RTA_fromHost
00009cbc   _RTA_toHost
00008250   _RTDX_Buffer
0000865c   _RTDX_Buffer_End
00007b60   _RTDX_Buffer_Initialize
00007ca0   _RTDX_Buffer_Read
00007bc0   _RTDX_Buffer_ReadCB
00007c20   _RTDX_Buffer_Size
00008658   _RTDX_Buffer_Start
00007cc0   _RTDX_Buffer_Write
00007280   _RTDX_Buffer_WriteCB
00007c60   _RTDX_Final_RT_Monitor
00007ae0   _RTDX_Init_RT_Monitor
00000002   _RTDX_JTAGONLY
00007d00   _RTDX_Mask_IER
000078c0   _RTDX_Mon_Queue
00006e80   _RTDX_Poll
00000000   _RTDX_interrupt_mask
0000866c   _RTDX_writing
ffffffff   _SDRAM
00004080   _SEM_pend
000020a0   _SEM_pendEnterKnl
00003820   _SEM_post
00003820   _SEM_postBinary
00003740   _SEM_postEnterKnl
00009cd8   _STS_A_TABBEG
00009d08   _STS_A_TABEND
00003f58   _STS_add
00003f20   _STS_delta
00003f84   _STS_reset
00004360   _STS_set
000094a4   _SWI_D_curfxn
00009494   _SWI_D_curmask
00009498   _SWI_D_curset
00009490   _SWI_D_execaddr
000094ac   _SWI_D_inswi
0000949c   _SWI_D_lock
000094a8   _SWI_D_rdybeg
0000948c   _SWI_D_runaddr
0000948c   _SWI_data
00000e50   _SWI_post
00009480   _SYS
0000960c   _SYS_PUTCBEG
0000980b   _SYS_PUTCEND
000040e0   _SYS_abort
00003c20   _SYS_exit
000081fc   _SYS_exitStack
000095ec   _SYS_exitStackPtr
000095f0   _SYS_exitStackTop
00009d8c   _TRC_R_mask
000095e0   _TSK
00008074   _TSK_ATTRS
00008090   _TSK_config
00002fa0   _TSK_exit
00009c08   _TSK_idle
00008a20   _TSK_init
000095d8   _TSK_nTasks
000095dc   _TSK_pid
00002a20   _TSK_setup
00003380   _TSK_startup
000080b0   _TSK_timerSem
00004280   _UTL_doAbort
00004380   _UTL_doError
00004140   _UTL_doPutc
000043a0   _UTL_halt
00002f70   __CLK_lat1beg
00002f9c   __CLK_lat1end
00000c34   __GBL_setL2CacheMode
00009488   __HOOK_NUMHOOKS
00009484   __HOOK_knlId
00001320   __HWI_lat1beg
000014a0   __HWI_lat1end
000014a0   __HWI_lat2beg
00001640   __HWI_lat2end1
000015cc   __HWI_lat2end2
00001660   __HWI_lat3beg
00001760   __HWI_lat3end1
000015fc   __HWI_lat3end2
00003e20   __IDL_lat1beg
00003e70   __IDL_lat1end
00007f94   __IRQ_dispatchTable
00007ed0   __IRQ_eventTable
00005ec0   __IRQ_hookFetchPacket
00007f54   __IRQ_intTable
00003490   __KNL_lat1beg
00003518   __KNL_lat1end
00003ea0   __LOG_lat1beg
000081a4   __MCBSP_hDev0
000081a8   __MCBSP_hDev1
0000814c   __MEM_mutex
00001e98   __RTA_lat1beg
00001ed0   __RTA_lat1end
00002800   __SEM_dopost
00000400   __STACK_SIZE
00000f8c   __SWI_lat1beg
00001040   __SWI_lat1end
00001044   __SWI_lat2beg
000010b4   __SWI_lat2end
00000de0   __SWI_lat3beg
00000e4c   __SWI_lat3end
00008124   __TSK_mutex
00008240   ___TI_enable_exit_profile_output
ffffffff   ___TI_pprof_out_hndl
ffffffff   ___TI_prof_data_size
ffffffff   ___TI_prof_data_start
00005dc0   ___add_dtor
00007d20   ___atexit_func_id__
ffffffff   ___binit__
000092c0   ___bss__
ffffffff   ___c_args__
00005ee0   ___cinit__
00000000   ___data__
00000000   ___edata__
0000960a   ___end__
00005ee0   ___etext__
00006e74   ___pinit__
000043c0   ___text__
00003140   __auto_init
00008238   __cleanup_ptr
0000823c   __dtors_ptr
00008244   __lock
00005e60   __nop
00005e80   __register_lock
00005ea0   __register_unlock
00008ec0   __stack
000055e0   __strasgi
00008248   __unlock
00005a40   _atexit
00008960   _c_int00
00005720   _call_dtors
0000824c   _dtors
00004e50   _init_HWI
00004d8c   _init_hardware
00004d60   _main
00004b20   _memcpy
00005bbc   _mono_read_16Bit
00005b94   _mono_write_16Bit
000095b8   _rectify
000095d0   _rtdxNullChanCnt
000095d4   _rtdxNullFuncCnt
00008660   _rtdx_buffer_state
00008680   _rtdx_mon_state
000095bc   _sample
00005b68   _stereo_read_16Bit
00005b40   _stereo_write_16Bit
000052e0   _wait500nS
000095c0   _wave
ffffffff   binit
00005ee0   cinit
00000000   edata
0000960a   end
00005ee0   etext
00000000   hwi0
00000020   hwi1
00000140   hwi10
00000160   hwi11
00000180   hwi12
000001a0   hwi13
000001c0   hwi14
000001e0   hwi15
00000040   hwi2
00000060   hwi3
00000080   hwi4
000000a0   hwi5
000000c0   hwi6
000000e0   hwi7
00000100   hwi8
00000120   hwi9
00006e74   pinit


GLOBAL SYMBOLS: SORTED BY Symbol Address 

address    name
--------   ----
00000000   .data
00000000   BUF$
00000000   CLK_COUNTSPMSHIGH
00000000   CLK_PRDHIGH
00000000   CLK_TDDR
00000000   CLK_TDDRHIGH
00000000   CLK_TIMERNUM
00000000   DEV$
00000000   DGN$
00000000   DHL$
00000000   DHL_gChannelsAvailable
00000000   DIO$
00000000   DIO_NUMSWIBASE
00000000   DIO_NUMTSKBASE
00000000   DIO_STATIC
00000000   DPI$
00000000   GBL_BIGENDIAN
00000000   GBL_C641XL2PRIORITY
00000000   GBL_CACHE
00000000   GBL_L2CONFIGALLOC
00000000   GBL_L2MARMASK1
00000000   GBL_L2MARMASK2
00000000   GBL_L2MARMASK3
00000000   GBL_L2MARMASK4
00000000   GBL_L2MARMASK5
00000000   GBL_L2MODE
00000000   GBL_L2PRIORITY
00000000   GBL_NULL
00000000   GBL_PROCID
00000000   GBL_ROM
00000000   GBL_SUPPORTCSL
00000000   GIO$
00000000   HOOK$
00000000   HOOK_KNLID
00000000   HST_DSM
00000000   HST_NONE
00000000   HWI_A_VECS
00000000   HWI_GENERATE_RESET_VEC
00000000   HWI_INT10$hwi
00000000   HWI_INT11$hwi
00000000   HWI_INT12$hwi
00000000   HWI_INT13$hwi
00000000   HWI_INT14$hwi
00000000   HWI_INT15$hwi
00000000   HWI_INT4$hwi
00000000   HWI_INT5$hwi
00000000   HWI_INT6$hwi
00000000   HWI_INT7$hwi
00000000   HWI_INT8$hwi
00000000   HWI_INT9$hwi
00000000   HWI_NMI$hwi
00000000   HWI_POLARITYMASK
00000000   HWI_RESERVED0$hwi
00000000   HWI_RESERVED1$hwi
00000000   HWI_RESET
00000000   HWI_RESET$hwi
00000000   IDL_busyObj$iB
00000000   IDL_busyObj$operation
00000000   KNL_swi$ord
00000000   KNL_swi$pri
00000000   KNL_swi$sts$unittype
00000000   KNL_swi$swi
00000000   LOG_system$datatype
00000000   LOG_system$log
00000000   MBX$
00000000   MEM_MALLOCSEG
00000000   MEM_NULL
00000000   MEM_SEGZERO
00000000   MEM_USEMPC
00000000   MEM_gNumHeap
00000000   MSGQ$
00000000   MSGQ_USEMSGQ
00000000   OBJ$
00000000   PIP$
00000000   PIP_gNextId
00000000   POOL$
00000000   POOL_USEPOOL
00000000   PRD_A_TABBEG
00000000   PRD_A_TABEND
00000000   PRD_A_TABLEN
00000000   PRD_SWIHANDLE
00000000   RTA_fromHost$hst
00000000   RTA_fromHost$mode
00000000   RTA_toHost$hst
00000000   RTA_toHost$id
00000000   RTDX_MODE
00000000   RTDX_USERTEXECUTION
00000000   SEM$
00000000   SIO$
00000000   SWI_EHOOKFXN
00000000   SWI_IHOOKFXN
00000000   TSK_NUM_HOOKS
00000000   TSK_READYFXN
00000000   TSK_STACKSEG
00000000   TSK_SWITCHFXN
00000000   TSK_idle$ord
00000000   TSK_idle$pri
00000000   TSK_idle$sts$unittype
00000000   TSK_idle$tsk
00000000   UDEV$
00000000   _CLK_TDDR
00000000   _CLK_TIMERNUM
00000000   _GBL_CACHE
00000000   _HWI_RESET
00000000   _MEM_memtab
00000000   _RTDX_interrupt_mask
00000000   ___data__
00000000   ___edata__
00000000   edata
00000000   hwi0
00000001   BUF_ENABLED
00000001   CLK$
00000001   CLK_CALDIV
00000001   CLK_HTIMEDIV
00000001   CLK_LTIMEDIV
00000001   CLK_USETIMER
00000001   GBL$
00000001   GBL_CALLCSLCFGINIT
00000001   GBL_ENABLEINST
00000001   GBL_L2CONFIGURE
00000001   GBL_L2MARMASK
00000001   GBL_USERINIT
00000001   GBL_boot
00000001   HST$
00000001   HST_RTDX
00000001   HWI$
00000001   HWI_NMI
00000001   HWI_ZEROTAB
00000001   IDL$
00000001   IDL_USECLKIDLTIME
00000001   IDL_busyObj$filter
00000001   IDL_busyObj$iA
00000001   IDL_busyObj$iC
00000001   ISRC$
00000001   KNL_swi$dorta
00000001   KNL_swi$sts$filtmaxmult
00000001   KNL_swi$sts$filtsummult
00000001   LCK$
00000001   LOG$
00000001   LOG_A_TABLEN
00000001   LOG_ENABLED
00000001   MEM$
00000001   PRD$
00000001   QUE$
00000001   RTA_fromHost$id
00000001   RTA_toHost$mode
00000001   RTDX$
00000001   RTDX_NORMALIZED_HDR
00000001   RTDX_USERTDX
00000001   STS$
00000001   SWI$
00000001   SWI_A_TABLEN
00000001   SYS$
00000001   TSK$
00000001   TSK_PRIORITY
00000001   TSK_idle$sts$filtmaxmult
00000001   TSK_idle$sts$filtsummult
00000001   _CLK_USETIMER
00000001   _HWI_NMI
00000001   _LOG_A_TABLEN
00000002   HWI_RESERVED0
00000002   IDL_busyObj$unittype
00000002   KNL_swi$sts$filter
00000002   PIP_A_TABLEN
00000002   PIP_gNumEmbed
00000002   TSK_idle$sts$filter
00000002   _HWI_RESERVED0
00000002   _RTDX_JTAGONLY
00000003   HWI_RESERVED1
00000003   _HWI_RESERVED1
00000004   CLK_CALMULT
00000004   CLK_HTIMEMULT
00000004   HWI_INT4
00000004   RTA_fromHost$framesize
00000004   _HWI_INT4
00000005   HWI_INT5
00000005   _HWI_INT5
00000006   HWI_INT6
00000006   IDL_CALIBRERROR
00000006   _HWI_INT6
00000007   HWI_INT7
00000007   _HWI_INT7
00000008   HWI_INT8
00000008   _HWI_INT8
00000009   HWI_INT9
00000009   _HWI_INT9
0000000a   HWI_INT10
0000000a   _HWI_INT10
0000000b   HWI_INT11
0000000b   _HWI_INT11
0000000c   HWI_INT12
0000000c   _HWI_INT12
0000000d   HWI_INT13
0000000d   _HWI_INT13
0000000e   HWI_INT14
0000000e   _HWI_INT14
0000000f   HWI_INT15
0000000f   _HWI_INT15
00000020   CLK_TCR
00000020   hwi1
0000003e   GBL_DSPTYPE
00000040   HST_MAXFRAMESET
00000040   LOG_system$size
00000040   RTA_toHost$framesize
00000040   hwi2
00000042   GBL_FOOTPRINT
00000060   hwi3
00000064   PIP_OBJSIZE
00000080   hwi4
000000a0   hwi5
000000c0   hwi6
000000e0   hwi7
000000ff   HST_MAXFRAMEALLOWED
00000100   hwi8
00000120   hwi9
00000140   hwi10
00000160   hwi11
00000180   hwi12
000001a0   hwi13
000001c0   hwi14
000001e0   hwi15
00000200   LNK_F_checkBufferCall
00000220   LNK_F_getChanPtr
00000278   LNK_F_init
00000280   LNK_F_dataPump
00000294   LNK_rcloop
00000360   LNK_rdrtry
00000370   LNK_rrloop
000003e8   CLK_MICROSECS
00000400   HST_DSMMEMSIZE
00000400   TSK_STACKSIZE
00000400   __STACK_SIZE
00000408   RTDX_BUFMEMSIZE
00000434   LNK_wrrtry
00000444   LNK_wrloop
00000520   LNK_newin
00000660   LNK_newout
000007c4   LNK_F_readCallBack
00000c34   __GBL_setL2CacheMode
00000de0   SWI_F_enable
00000de0   __SWI_lat3beg
00000e4c   __SWI_lat3end
00000e50   SWI_F_post
00000e50   _SWI_post
00000f8c   __SWI_lat1beg
00000ffc   SWI_EXECFXN
00000ffc   SWI_F_exec
00001028   SWI_F_iexec
00001040   __SWI_lat1end
00001044   __SWI_lat2beg
000010b4   __SWI_lat2end
000010b8   SWI_F_run
000010b8   SWI_RUNFXN
00001320   CLK_HOOKFXN
00001320   HWI_F_dispatch
00001320   _HWI_F_dispatch
00001320   __HWI_lat1beg
000014a0   __HWI_lat1end
000014a0   __HWI_lat2beg
000015cc   __HWI_lat2end2
000015fc   __HWI_lat3end2
00001640   __HWI_lat2end1
00001660   __HWI_lat3beg
00001760   __HWI_lat3end1
00001770   GBL_CLKTYPE
00001780   PRD_F_swi
00001a39   GBL_DSPSUBTYPE
00001a40   PRD_F_tick
00001b20   _KNL_run
00001de0   RTA_F_getlog
00001e24   RTA_F_getsts
00001e6c   RTA_F_readblk
00001e8c   RTA_F_writeword
00001e98   RTA_F_resetmem
00001e98   __RTA_lat1beg
00001ed0   __RTA_lat1end
00001ed8   RTA_F_dispatch
00001f28   RTA_execute
000020a0   _SEM_pendEnterKnl
00002226   GBL_L2ALLOC
000025a0   PRD_THOOKFXN
000025a0   _KNL_tick
000025c0   PIP_F_take
00002654   PIP_F_give
00002654   PIP_F_probe
00002728   PIP_F_start
00002800   __SEM_dopost
00002a20   _TSK_setup
00002c20   _KNL_saveIsrFrame
00002cec   _KNL_switch
00002da0   KNL_glue
00002de0   CLK_F_getltime
00002df4   CLK_F_isr
00002f54   CLK_F_itime
00002f54   _CLK_F_itime
00002f54   _CLK_itime
00002f70   __CLK_lat1beg
00002f9c   __CLK_lat1end
00002fa0   _TSK_exit
00003140   __auto_init
00003380   _TSK_startup
00003440   _KNL_check
00003490   __KNL_lat1beg
00003518   _KNL_idle
00003518   __KNL_lat1end
0000353c   _KNL_max
00003580   _GBL_cslCacheInit
00003660   _KNL_exit
000036b4   _KNL_enter
00003740   _SEM_postEnterKnl
00003820   _SEM_post
00003820   _SEM_postBinary
00003900   _CLK_measure
000039e0   _KNL_ipost
00003aa0   _KNL_post
00003b60   _LCK_post
00003b90   _LCK_pend
00003c20   _SYS_exit
00003ce0   CLK_F_getfhtime
00003d00   CLK_F_gethtime
00003d00   CLK_F_getshtime
00003d00   CLK_TIMEFXN
00003da0   FXN_F_nop
00003da8   FXN_F_run
00003da8   _FXN_F_run
00003df8   FXN_F_zero
00003df8   _FXN_F_zero
00003e20   IDL_F_busy
00003e20   __IDL_lat1beg
00003e70   __IDL_lat1end
00003ea0   LOG_F_event
00003ea0   _LOG_event
00003ea0   __LOG_lat1beg
00003f20   STS_F_delta
00003f20   _STS_delta
00003f58   STS_F_add
00003f58   _STS_add
00003f84   STS_F_reset
00003f84   _STS_reset
00003fa0   IDL_F_calibrate
00004000   CLK_INTBIT
00004000   PRD_SCALAR
00004018   HWI_CFGDISPATCHED
00004018   _HWI_CFGDISPATCHED
00004020   _HWI_disable
00004038   _HWI_enable
0000404c   _HWI_restore
00004080   _SEM_pend
000040e0   _SYS_abort
00004140   SYS_PUTCFXN
00004140   _UTL_doPutc
000041a0   _CLK_start
00004200   IDL_CALIBRFXN
00004200   IDL_F_stub
00004240   RTA_F_andn
00004260   RTA_F_or
00004280   SYS_ABORTFXN
00004280   _UTL_doAbort
000042c0   _CLK_stop
00004300   GIO_CREATEFXN
00004300   GIO_DELETEFXN
00004300   GIO_PENDFXN
00004300   GIO_POSTFXN
00004300   TSK_VCREATEFXN
00004300   TSK_VDELETEFXN
00004300   TSK_VEXITFXN
00004300   _FXN_F_nop
00004320   _GBL_getVersion
00004340   IDL_F_loop
00004340   _IDL_loop
00004360   _STS_set
00004380   SYS_ERRORFXN
00004380   _UTL_doError
000043a0   SYS_EXITFXN
000043a0   _UTL_halt
000043c0   .text
000043c0   _DSK6713_wait
000043c0   ___text__
00004464   _DSK6713_waitusec
00004498   _DSK6713_rset
000044ac   _DSK6713_rget
00004540   _DSK6713_getVersion
00004590   _DSK6713_init
00004840   _DSK6713_AIC23_openCodec
00004b20   _memcpy
00004d60   _main
00004d8c   _init_hardware
00004e20   GBL_CLKIN
00004e50   _init_HWI
00004ee8   _ISR_AIC
00004f80   _IRQ_map
00005140   _MCBSP_reset
00005205   GBL_A_VERSION
000052e0   _wait500nS
00005308   GBL_USERINITFXN
00005308   _GBL_setPLLto225MHz
00005460   _DSK6713_AIC23_rset
00005528   _DSK6713_AIC23_rget
0000554c   _DSK6713_AIC23_config
000055e0   __strasgi
00005720   _call_dtors
00005840   _MCBSP_open
00005940   _MCBSP_start
00005a40   _atexit
00005b40   _stereo_write_16Bit
00005b68   _stereo_read_16Bit
00005b94   _mono_write_16Bit
00005bbc   _mono_read_16Bit
00005d80   _IRQ_enable
00005dc0   ___add_dtor
00005e00   _IRQ_globalDisable
00005e20   _IRQ_globalEnable
00005e40   _IRQ_nmiEnable
00005e60   __nop
00005e80   __register_lock
00005ea0   __register_unlock
00005ec0   __IRQ_hookFetchPacket
00005ee0   ___cinit__
00005ee0   ___etext__
00005ee0   cinit
00005ee0   etext
00006e74   ___pinit__
00006e74   pinit
00006e80   _RTDX_Poll
00007280   _RTDX_Buffer_WriteCB
000078c0   _RTDX_Mon_Queue
00007ae0   _RTDX_Init_RT_Monitor
00007b60   _RTDX_Buffer_Initialize
00007bc0   _RTDX_Buffer_ReadCB
00007c20   _RTDX_Buffer_Size
00007c60   _RTDX_Final_RT_Monitor
00007ca0   _RTDX_Buffer_Read
00007cc0   _RTDX_Buffer_Write
00007d00   _RTDX_Mask_IER
00007d20   ___atexit_func_id__
00007ed0   __IRQ_eventTable
00007f54   __IRQ_intTable
00007f94   __IRQ_dispatchTable
00007f9c   _KNL_queues
0000803c   _KNL_dummy
00008074   _TSK_ATTRS
00008090   _TSK_config
000080b0   _TSK_timerSem
000080d0   _OBJ_table
00008108   _OBJ_segtab
00008124   __TSK_mutex
0000814c   __MEM_mutex
000081a4   __MCBSP_hDev0
000081a8   __MCBSP_hDev1
000081d4   _Config
000081fc   _SYS_exitStack
00008238   __cleanup_ptr
0000823c   __dtors_ptr
00008240   ___TI_enable_exit_profile_output
00008244   __lock
00008248   __unlock
0000824c   _dtors
00008250   _RTDX_Buffer
00008658   _RTDX_Buffer_Start
0000865c   _RTDX_Buffer_End
00008660   _rtdx_buffer_state
0000866c   _RTDX_writing
00008680   _rtdx_mon_state
000086a0   BIOS_init
000086a0   _BIOS_init
00008804   BIOS$$CLKON
00008844   BIOS$$CLKOFF
000088ac   BIOS_start
000088ac   _BIOS_start
00008960   _c_int00
00008a20   _TSK_init
00008aa0   _OBJ_init
00008ac0   TSK_idle$stack
00008e58   TSK_idle$stkptr
00008ec0   GBL_stackbeg
00008ec0   _HWI_STKTOP
00008ec0   __stack
000092b8   _HWI_STKBOTTOM
000092bf   GBL_stackend
000092c0   $bss
000092c0   .bss
000092c0   _HWI_dispatchTab
000092c0   ___bss__
000093c0   IDL_D_tabbeg
000093c4   IDL_D_calibrate
000093c8   IDL_D_calbeg
000093cc   LOG_D_system
000093cc   _LOG_D_system
000093d0   PIP_D_tabbeg
000093d4   PIP_D_tablen
000093d8   CLK_R_time
000093dc   CLK_D_timefxn
000093e0   CLK_D_tabbeg
000093e4   CLK_D_isrhook
000093e8   CLK_D_idletime
000093ec   _CLK_htimeDiv
000093f0   _CLK_htimeMult
000093f4   _CLK_ltimeDiv
000093f8   _CLK_ltimeMult
000093fc   _CLK_D_dirty
00009400   _CLK_D_prd
00009404   _CLK_D_tddr
00009408   _CLK_D_countspms
0000940c   PRD_D_tick
0000940c   _PRD_D_tick
00009410   PRD_D_cur
00009414   PRD_D_elapsed
00009418   PRD_D_prevtim
0000941c   PRD_D_scalar
00009420   PRD_D_swihandle
00009424   PRD_D_tabbeg
00009428   PRD_D_tablen
0000942c   PRD_D_thook
00009430   RTA_D_fromHost
00009434   RTA_D_toHost
00009438   RTA_D_logval
00009448   RTA_D_stsval
00009454   HST_D_chanmask
00009458   HST_D_tabbeg
0000945c   HST_D_tabend
00009460   _GBL_procId
00009464   _GBL_clkIn
00009468   _GBL_freq
0000946c   _MEM_D_NUMSEGMENTS
00009470   _MEM_D_memtab
00009474   _MEM_D_freelist
00009478   _MEM_D_lockaddr
0000947c   _MEM_D_unlockaddr
00009480   _SYS
00009484   __HOOK_knlId
00009488   __HOOK_NUMHOOKS
0000948c   SWI_D_runaddr
0000948c   _SWI_D_runaddr
0000948c   _SWI_data
00009490   SWI_D_execaddr
00009490   _SWI_D_execaddr
00009494   SWI_D_curmask
00009494   _SWI_D_curmask
00009498   SWI_D_curset
00009498   _SWI_D_curset
0000949c   SWI_D_lock
0000949c   _SWI_D_lock
000094a0   SWI_D_curmbox
000094a4   SWI_D_curfxn
000094a4   _SWI_D_curfxn
000094a8   SWI_D_rdybeg
000094a8   _SWI_D_rdybeg
000094ac   SWI_D_inswi
000094ac   _SWI_D_inswi
000094b0   SWI_D_rdytab
00009528   _KNL_wFlag
0000952c   _KNL_wList
00009530   _KNL_alarm
00009534   _KNL_setpri
00009538   _KNL_inactive
0000953c   _KNL_priority
00009540   _KNL_set
00009544   _KNL_curtask
00009548   _KNL_prevtask
0000954c   _KNL_curtime
00009550   _KNL_swiptr
00009554   _KNL_curqueue
00009558   _KNL_maxqueue
0000955c   _KNL_tswitchfxn
00009560   _KNL_tcreatefxn
00009564   _KNL_tdeletefxn
00009568   _KNL_treadyfxn
0000956c   _KNL_idlefxn
00009570   HWI_D_spsave
00009570   _HWI_D_spsave
00009570   _HWI_data
0000957c   _HWI_D_inhwi
00009580   HWI_D_bss
00009584   HWI_D_ccmask
00009588   RTA_fromHost$pipe$dtab
00009594   RTA_toHost$pipe$dtab
000095a0   LNK_dspFrameRequestMask
000095a0   _LNK_dspFrameRequestMask
000095a4   LNK_dspFrameReadyMask
000095a4   _LNK_dspFrameReadyMask
000095a8   LNK_readPend
000095a8   _LNK_readPend
000095ac   LNK_readDone
000095ac   _LNK_readDone
000095b0   LNK_readFail
000095b0   _LNK_readFail
000095b4   LNK_writeFail
000095b4   _LNK_writeFail
000095b8   _rectify
000095bc   _sample
000095c0   _wave
000095c4   _H_Codec
000095d0   _rtdxNullChanCnt
000095d4   _rtdxNullFuncCnt
000095d8   _TSK_nTasks
000095dc   _TSK_pid
000095e0   _TSK
000095e4   _CLK_DFLTMICROSECS
000095e8   _CLK_D_microseconds
000095ec   _SYS_exitStackPtr
000095f0   _SYS_exitStackTop
000095f4   _DSK6713_AIC23_codeccontrolhandle
000095f8   _DSK6713_AIC23_codecdatahandle
000095fc   _CLK_htimePerLtime
00009604   IDL_D_busyObj
00009608   _DSK6713_version
0000960a   ___end__
0000960a   end
0000960c   _SYS_PUTCBEG
0000980b   _SYS_PUTCEND
0000980c   PIP_A_TABBEG
0000980c   RTA_fromHost$pipe
0000980c   _PIP_A_TABBEG
00009810   RTA_fromHost$pipe$rd
0000983c   RTA_fromHost$pipe$aaa
00009840   RTA_fromHost$pipe$wr
0000986c   RTA_fromHost$pipe$bbb
00009870   RTA_toHost$pipe
00009874   RTA_toHost$pipe$rd
000098a0   RTA_toHost$pipe$aaa
000098a4   RTA_toHost$pipe$wr
000098d0   RTA_toHost$pipe$bbb
000098d4   KNL_swi
000098d4   PIP_A_TABEND
000098d4   SWI_A_TABBEG
000098d4   _KNL_swi
000098d4   _PIP_A_TABEND
00009900   LOG_system$buf
00009900   SWI_A_TABEND
00009a00   RTA_toHost$buf
00009bf9   KNL_swi$sts$maxfmt
00009c01   KNL_swi$sts$sumfmt
00009c08   TSK_idle
00009c08   _TSK_idle
00009c09   KNL_swi$sts$avgfmt
00009c13   TSK_idle$sts$maxfmt
00009c1b   TSK_idle$sts$sumfmt
00009c23   TSK_idle$sts$avgfmt
00009c2d   IDL_busyObj$maxfmt
00009c30   IDL_busyObj$sumfmt
00009c33   IDL_busyObj$avgfmt
00009c9c   HST_A_TABBEG
00009c9c   _HST_A_TABBEG
00009ca0   RTA_fromHost
00009ca0   _RTA_fromHost
00009ca8   RTA_fromHost$rtdx
00009cbc   RTA_toHost
00009cbc   _RTA_toHost
00009cc4   RTA_toHost$rtdx
00009cd8   HST_A_TABEND
00009cd8   KNL_swi$sts$stsobj
00009cd8   STS_A_TABBEG
00009cd8   _HST_A_TABEND
00009cd8   _STS_A_TABBEG
00009cdc   KNL_swi$sts
00009ce8   TSK_idle$sts$stsobj
00009cec   TSK_idle$sts
00009cf8   IDL_busyObj$stsobj
00009cfc   IDL_busyObj
00009cfc   _IDL_busyObj
00009d08   STS_A_TABEND
00009d08   _STS_A_TABEND
00009d30   LOG_A_TABBEG
00009d30   LOG_system
00009d30   _LOG_A_TABBEG
00009d30   _LOG_system
00009d48   LOG_A_TABEND
00009d48   RTA_fromHost$buf
00009d48   _LOG_A_TABEND
00009d58   IDL_A_TABBEG
00009d58   IDL_cpuLoad
00009d58   _IDL_cpuLoad
00009d5c   LNK_dataPump
00009d5c   _LNK_dataPump
00009d60   RTA_dispatcher
00009d60   _RTA_dispatcher
00009d64   IDL_END
00009d68   IDL_A_CALBEG
00009d68   IDL_cpuLoad$
00009d6c   LNK_dataPump$
00009d70   RTA_dispatcher$
00009d74   IDL_END$
00009d78   SYS$config
00009d88   TRC_cinit
00009d8c   TRC_R_mask
00009d8c   _TRC_R_mask
00009d90   GBL_initdone
00009d94   CLK_A_TABBEG
00009d94   PRD_clock
00009d94   _PRD_clock
00009d98   CLK_null
0000dbba   CLK_COUNTSPMS
0000dbba   CLK_HTIMEPERLTIME
0000dbba   CLK_PRD
0000dbba   _CLK_COUNTSPMS
0000dbba   _CLK_PRD
0000dbef   GBL_TRCMASKVALUE
00036ee8   CLK_LTIMEMULT
00036ee8   GBL_FREQ
01940000   CLK_REGS
01940000   _CLK_REGS
082039a3   HWI_INTRMULTHIGH
310718ae   HWI_INTRMULTLOW
ffffffff   HST_DSMBUFSEG
ffffffff   IRAM
ffffffff   RTDX_DATAMEMSEG
ffffffff   SDRAM
ffffffff   _IRAM
ffffffff   _SDRAM
ffffffff   ___TI_pprof_out_hndl
ffffffff   ___TI_prof_data_size
ffffffff   ___TI_prof_data_start
ffffffff   ___binit__
ffffffff   ___c_args__
ffffffff   binit

[715 symbols]
